your url is: https://calm-turkeys-jog.loca.lt
